[2023-03-1103:42:35 PM-moudle logging.py-INFO:n = 0]
[2023-03-1103:43:51 PM-moudle logging.py-INFO:n = 0]
[2023-03-1103:44:53 PM-moudle logging.py-INFO:n = 0]
[2023-03-1103:45:10 PM-moudle logging.py-INFO:n = 0]
